# serializer version: 1
# name: test_colos_from_atomic_numbers
  [[242   0  26   1]
   [255 255 255   1]
   [217 255 255   1]
   [204 128 255   1]
   [194 255   0   1]
   [255 181 181   1]
   [144 144 144   1]
   [ 48  80 248   1]
   [255  13  13   1]
   [144 224  80   1]
   [179 227 245   1]
   [171  92 242   1]
   [138 255   0   1]
   [191 166 166   1]
   [240 200 160   1]
   [255 128   0   1]
   [255 255  48   1]
   [ 31 240  31   1]
   [143  64 212   1]
   [128 209 227   1]
   [ 61 255   0   1]
   [230 230 230   1]
   [191 194 199   1]
   [166 166 171   1]
   [138 153 199   1]
   [156 122 199   1]
   [224 102  51   1]
   [199 138 138   1]
   [255 217 143   1]
   [200 128  51   1]
   [125 128 176   1]
   [194 143 143   1]
   [102 143 143   1]
   [189 128 227   1]
   [255 161   0   1]
   [166  41  41   1]
   [ 92 184 209   1]
   [112  46 176   1]
   [  0 255   0   1]
   [148 255 255   1]
   [148 224 224   1]
   [115 194 201   1]
   [ 84 181 181   1]
   [ 59 158 158   1]
   [ 36 125 125   1]
   [ 10 125 140   1]
   [  0 105 133   1]
   [192 192 192   1]
   [255 217 143   1]
   [166 117 115   1]
   [102 128 128   1]
   [158  99 181   1]
   [212 122   0   1]
   [148   0 148   1]
   [ 66 158 176   1]
   [ 87  23 143   1]
   [  0 201   0   1]
   [112 212 255   1]
   [255 255 199   1]
   [217 255 199   1]
   [199 255 199   1]
   [163 255 199   1]
   [143 255 199   1]
   [ 97 255 199   1]
   [ 69 255 199   1]
   [ 48 255 199   1]
   [ 31 255 199   1]
   [  0 255 156   1]
   [  0 230 117   1]
   [  0 212  82   1]
   [  0 191  56   1]
   [  0 171  36   1]
   [ 77 194 255   1]
   [ 77 166 255   1]
   [ 33 148 214   1]
   [ 38 125 171   1]
   [ 38 102 150   1]
   [ 23  84 135   1]
   [208 208 224   1]
   [255 209  35   1]
   [184 184 208   1]
   [166  84  77   1]
   [ 87  89  97   1]
   [158  79 181   1]
   [255 161   0   1]
   [255 161   0   1]
   [255 161   0   1]
   [255 161   0   1]
   [255 161   0   1]
   [255 161   0   1]
   [255 161   0   1]
   [255 161   0   1]
   [255 161   0   1]
   [255 161   0   1]
   [255 161   0   1]
   [255 161   0   1]
   [255 161   0   1]
   [255 161   0   1]
   [204   0  89   1]
   [209   0  79   1]
   [217   0  69   1]
   [224   0  56   1]
   [230   0  46   1]
   [235   0  38   1]
   [240   0  33   1]
   [241   0  30   1]
   [242   0  26   1]
   [242   0  26   1]
   [242   0  26   1]
   [242   0  26   1]
   [242   0  26   1]
   [242   0  26   1]]
# ---
# name: test_random_rgb
  [[0.8 0.4 0.4 1.0]
   [0.8 0.7 0.4 1.0]
   [0.8 0.4 0.5 1.0]
   [0.6 0.8 0.4 1.0]
   [0.6 0.8 0.4 1.0]
   [0.4 0.5 0.8 1.0]
   [0.7 0.4 0.8 1.0]
   [0.4 0.8 0.4 1.0]
   [0.7 0.8 0.4 1.0]
   [0.4 0.8 0.7 1.0]
   [0.4 0.6 0.8 1.0]
   [0.4 0.8 0.7 1.0]
   [0.4 0.8 0.8 1.0]
   [0.6 0.8 0.4 1.0]
   [0.8 0.7 0.4 1.0]
   [0.8 0.4 0.5 1.0]
   [0.4 0.8 0.4 1.0]
   [0.4 0.8 0.8 1.0]
   [0.8 0.8 0.4 1.0]
   [0.4 0.4 0.8 1.0]
   [0.8 0.4 0.6 1.0]
   [0.8 0.8 0.4 1.0]
   [0.8 0.4 0.5 1.0]
   [0.8 0.4 0.6 1.0]
   [0.5 0.4 0.8 1.0]
   [0.4 0.8 0.5 1.0]
   [0.6 0.4 0.8 1.0]
   [0.4 0.4 0.8 1.0]
   [0.8 0.7 0.4 1.0]
   [0.4 0.7 0.8 1.0]
   [0.4 0.7 0.8 1.0]
   [0.8 0.4 0.4 1.0]
   [0.8 0.6 0.4 1.0]
   [0.4 0.6 0.8 1.0]
   [0.4 0.8 0.8 1.0]
   [0.4 0.7 0.8 1.0]
   [0.4 0.8 0.4 1.0]
   [0.4 0.4 0.8 1.0]
   [0.4 0.4 0.8 1.0]
   [0.7 0.8 0.4 1.0]
   [0.4 0.8 0.7 1.0]
   [0.4 0.8 0.5 1.0]
   [0.4 0.4 0.8 1.0]
   [0.8 0.5 0.4 1.0]
   [0.4 0.8 0.6 1.0]
   [0.5 0.8 0.4 1.0]
   [0.8 0.4 0.7 1.0]
   [0.4 0.8 0.4 1.0]
   [0.4 0.7 0.8 1.0]
   [0.8 0.6 0.4 1.0]
   [0.4 0.8 0.8 1.0]
   [0.6 0.8 0.4 1.0]
   [0.8 0.4 0.4 1.0]
   [0.4 0.5 0.8 1.0]
   [0.8 0.4 0.6 1.0]
   [0.8 0.6 0.4 1.0]
   [0.8 0.4 0.5 1.0]
   [0.8 0.5 0.4 1.0]
   [0.4 0.6 0.8 1.0]
   [0.7 0.8 0.4 1.0]
   [0.4 0.8 0.4 1.0]
   [0.4 0.8 0.8 1.0]
   [0.8 0.4 0.6 1.0]
   [0.4 0.8 0.7 1.0]
   [0.4 0.8 0.8 1.0]
   [0.4 0.8 0.6 1.0]
   [0.8 0.6 0.4 1.0]
   [0.8 0.6 0.4 1.0]
   [0.6 0.4 0.8 1.0]
   [0.4 0.4 0.8 1.0]
   [0.8 0.4 0.6 1.0]
   [0.4 0.8 0.4 1.0]
   [0.8 0.6 0.4 1.0]
   [0.5 0.8 0.4 1.0]
   [0.8 0.4 0.8 1.0]
   [0.4 0.8 0.7 1.0]
   [0.4 0.8 0.5 1.0]
   [0.7 0.4 0.8 1.0]
   [0.8 0.4 0.8 1.0]
   [0.8 0.8 0.4 1.0]
   [0.5 0.8 0.4 1.0]
   [0.4 0.8 0.8 1.0]
   [0.8 0.8 0.4 1.0]
   [0.4 0.8 0.8 1.0]
   [0.5 0.4 0.8 1.0]
   [0.7 0.8 0.4 1.0]
   [0.7 0.4 0.8 1.0]
   [0.8 0.8 0.4 1.0]
   [0.4 0.8 0.5 1.0]
   [0.8 0.6 0.4 1.0]
   [0.7 0.8 0.4 1.0]
   [0.8 0.6 0.4 1.0]
   [0.4 0.8 0.6 1.0]
   [0.8 0.4 0.6 1.0]
   [0.4 0.7 0.8 1.0]
   [0.6 0.4 0.8 1.0]
   [0.4 0.8 0.5 1.0]
   [0.8 0.8 0.4 1.0]
   [0.4 0.8 0.4 1.0]
   [0.4 0.8 0.6 1.0]]
# ---
