# serializer version: 1
# name: TestTrajectory.test_mean_position[False-0-False]
  array([[0.3897333 , 0.28530002, 0.48333335],
         [0.38823333, 0.2808    , 0.49173334],
         [0.38306668, 0.28136668, 0.47700003],
         ...,
         [1.3087333 , 0.34086668, 0.58173335],
         [1.3094667 , 0.3638667 , 0.5775333 ],
         [1.3146334 , 0.36066666, 0.57603335]], dtype=float32)
# ---
# name: TestTrajectory.test_mean_position[False-0-False].1
  dict({
    0: array([[0.3918    , 0.28980002, 0.4846    ],
         [0.3928    , 0.28290004, 0.49179998],
         [0.38480002, 0.28730002, 0.4778    ],
         ...,
         [1.3074    , 0.3377    , 0.5838    ],
         [1.3069    , 0.36280003, 0.58320004],
         [1.3123001 , 0.36460003, 0.5755    ]], dtype=float32),
    1: array([[0.3869    , 0.2831    , 0.4859    ],
         [0.3849    , 0.2807    , 0.49550003],
         [0.38020003, 0.2781    , 0.48030004],
         ...,
         [1.3149    , 0.34030002, 0.583     ],
         [1.3169    , 0.36350003, 0.5762    ],
         [1.3223001 , 0.35660002, 0.57229996]], dtype=float32),
    2: array([[0.3905    , 0.283     , 0.4795    ],
         [0.387     , 0.2788    , 0.4879    ],
         [0.3842    , 0.27870002, 0.4729    ],
         ...,
         [1.3039    , 0.3446    , 0.5784    ],
         [1.3046    , 0.36530003, 0.57320005],
         [1.3093001 , 0.3608    , 0.58030003]], dtype=float32),
  })
# ---
# name: TestTrajectory.test_mean_position[False-0-True]
  array([[0.3897333 , 0.28530002, 0.48333335],
         [0.38823333, 0.2808    , 0.49173334],
         [0.38306668, 0.28136668, 0.47700003],
         ...,
         [1.3087333 , 0.34086668, 0.58173335],
         [1.3094667 , 0.3638667 , 0.5775333 ],
         [1.3146334 , 0.36066666, 0.57603335]], dtype=float32)
# ---
# name: TestTrajectory.test_mean_position[False-0-True].1
  dict({
    0: array([[0.3918    , 0.28980002, 0.4846    ],
         [0.3928    , 0.28290004, 0.49179998],
         [0.38480002, 0.28730002, 0.4778    ],
         ...,
         [1.3074    , 0.3377    , 0.5838    ],
         [1.3069    , 0.36280003, 0.58320004],
         [1.3123001 , 0.36460003, 0.5755    ]], dtype=float32),
    1: array([[0.3869    , 0.2831    , 0.4859    ],
         [0.3849    , 0.2807    , 0.49550003],
         [0.38020003, 0.2781    , 0.48030004],
         ...,
         [1.3149    , 0.34030002, 0.583     ],
         [1.3169    , 0.36350003, 0.5762    ],
         [1.3223001 , 0.35660002, 0.57229996]], dtype=float32),
    2: array([[0.3905    , 0.283     , 0.4795    ],
         [0.387     , 0.2788    , 0.4879    ],
         [0.3842    , 0.27870002, 0.4729    ],
         ...,
         [1.3039    , 0.3446    , 0.5784    ],
         [1.3046    , 0.36530003, 0.57320005],
         [1.3093001 , 0.3608    , 0.58030003]], dtype=float32),
  })
# ---
# name: TestTrajectory.test_mean_position[False-1-False]
  array([[0.3897333 , 0.28530002, 0.48333335],
         [0.38823333, 0.2808    , 0.49173334],
         [0.38306668, 0.28136668, 0.47700003],
         ...,
         [1.3087333 , 0.34086668, 0.58173335],
         [1.3094667 , 0.3638667 , 0.5775333 ],
         [1.3146334 , 0.36066666, 0.57603335]], dtype=float32)
# ---
# name: TestTrajectory.test_mean_position[False-1-False].1
  dict({
    0: array([[0.3918    , 0.28980002, 0.4846    ],
         [0.3928    , 0.28290004, 0.49179998],
         [0.38480002, 0.28730002, 0.4778    ],
         ...,
         [1.3074    , 0.3377    , 0.5838    ],
         [1.3069    , 0.36280003, 0.58320004],
         [1.3123001 , 0.36460003, 0.5755    ]], dtype=float32),
    1: array([[0.3869    , 0.2831    , 0.4859    ],
         [0.3849    , 0.2807    , 0.49550003],
         [0.38020003, 0.2781    , 0.48030004],
         ...,
         [1.3149    , 0.34030002, 0.583     ],
         [1.3169    , 0.36350003, 0.5762    ],
         [1.3223001 , 0.35660002, 0.57229996]], dtype=float32),
    2: array([[0.3905    , 0.283     , 0.4795    ],
         [0.387     , 0.2788    , 0.4879    ],
         [0.3842    , 0.27870002, 0.4729    ],
         ...,
         [1.3039    , 0.3446    , 0.5784    ],
         [1.3046    , 0.36530003, 0.57320005],
         [1.3093001 , 0.3608    , 0.58030003]], dtype=float32),
  })
# ---
# name: TestTrajectory.test_mean_position[False-1-True]
  array([[0.3897333 , 0.28530002, 0.48333335],
         [0.38823333, 0.2808    , 0.49173334],
         [0.38306668, 0.28136668, 0.47700003],
         ...,
         [1.3087333 , 0.34086668, 0.58173335],
         [1.3094667 , 0.3638667 , 0.5775333 ],
         [1.3146334 , 0.36066666, 0.57603335]], dtype=float32)
# ---
# name: TestTrajectory.test_mean_position[False-1-True].1
  dict({
    0: array([[0.3918    , 0.28980002, 0.4846    ],
         [0.3928    , 0.28290004, 0.49179998],
         [0.38480002, 0.28730002, 0.4778    ],
         ...,
         [1.3074    , 0.3377    , 0.5838    ],
         [1.3069    , 0.36280003, 0.58320004],
         [1.3123001 , 0.36460003, 0.5755    ]], dtype=float32),
    1: array([[0.3869    , 0.2831    , 0.4859    ],
         [0.3849    , 0.2807    , 0.49550003],
         [0.38020003, 0.2781    , 0.48030004],
         ...,
         [1.3149    , 0.34030002, 0.583     ],
         [1.3169    , 0.36350003, 0.5762    ],
         [1.3223001 , 0.35660002, 0.57229996]], dtype=float32),
    2: array([[0.3905    , 0.283     , 0.4795    ],
         [0.387     , 0.2788    , 0.4879    ],
         [0.3842    , 0.27870002, 0.4729    ],
         ...,
         [1.3039    , 0.3446    , 0.5784    ],
         [1.3046    , 0.36530003, 0.57320005],
         [1.3093001 , 0.3608    , 0.58030003]], dtype=float32),
  })
# ---
# name: TestTrajectory.test_mean_position[False-2-False]
  array([[0.3897333 , 0.28530002, 0.48333335],
         [0.38823333, 0.2808    , 0.49173334],
         [0.38306668, 0.28136668, 0.47700003],
         ...,
         [1.3087333 , 0.34086668, 0.58173335],
         [1.3094667 , 0.3638667 , 0.5775333 ],
         [1.3146334 , 0.36066666, 0.57603335]], dtype=float32)
# ---
# name: TestTrajectory.test_mean_position[False-2-False].1
  dict({
    0: array([[0.3918    , 0.28980002, 0.4846    ],
         [0.3928    , 0.28290004, 0.49179998],
         [0.38480002, 0.28730002, 0.4778    ],
         ...,
         [1.3074    , 0.3377    , 0.5838    ],
         [1.3069    , 0.36280003, 0.58320004],
         [1.3123001 , 0.36460003, 0.5755    ]], dtype=float32),
    1: array([[0.3869    , 0.2831    , 0.4859    ],
         [0.3849    , 0.2807    , 0.49550003],
         [0.38020003, 0.2781    , 0.48030004],
         ...,
         [1.3149    , 0.34030002, 0.583     ],
         [1.3169    , 0.36350003, 0.5762    ],
         [1.3223001 , 0.35660002, 0.57229996]], dtype=float32),
    2: array([[0.3905    , 0.283     , 0.4795    ],
         [0.387     , 0.2788    , 0.4879    ],
         [0.3842    , 0.27870002, 0.4729    ],
         ...,
         [1.3039    , 0.3446    , 0.5784    ],
         [1.3046    , 0.36530003, 0.57320005],
         [1.3093001 , 0.3608    , 0.58030003]], dtype=float32),
  })
# ---
# name: TestTrajectory.test_mean_position[False-2-True]
  array([[0.3897333 , 0.28530002, 0.48333335],
         [0.38823333, 0.2808    , 0.49173334],
         [0.38306668, 0.28136668, 0.47700003],
         ...,
         [1.3087333 , 0.34086668, 0.58173335],
         [1.3094667 , 0.3638667 , 0.5775333 ],
         [1.3146334 , 0.36066666, 0.57603335]], dtype=float32)
# ---
# name: TestTrajectory.test_mean_position[False-2-True].1
  dict({
    0: array([[0.3918    , 0.28980002, 0.4846    ],
         [0.3928    , 0.28290004, 0.49179998],
         [0.38480002, 0.28730002, 0.4778    ],
         ...,
         [1.3074    , 0.3377    , 0.5838    ],
         [1.3069    , 0.36280003, 0.58320004],
         [1.3123001 , 0.36460003, 0.5755    ]], dtype=float32),
    1: array([[0.3869    , 0.2831    , 0.4859    ],
         [0.3849    , 0.2807    , 0.49550003],
         [0.38020003, 0.2781    , 0.48030004],
         ...,
         [1.3149    , 0.34030002, 0.583     ],
         [1.3169    , 0.36350003, 0.5762    ],
         [1.3223001 , 0.35660002, 0.57229996]], dtype=float32),
    2: array([[0.3905    , 0.283     , 0.4795    ],
         [0.387     , 0.2788    , 0.4879    ],
         [0.3842    , 0.27870002, 0.4729    ],
         ...,
         [1.3039    , 0.3446    , 0.5784    ],
         [1.3046    , 0.36530003, 0.57320005],
         [1.3093001 , 0.3608    , 0.58030003]], dtype=float32),
  })
# ---
# name: TestTrajectory.test_mean_position[False-3-False]
  array([[0.3897333 , 0.28530002, 0.48333335],
         [0.38823333, 0.2808    , 0.49173334],
         [0.38306668, 0.28136668, 0.47700003],
         ...,
         [1.3087333 , 0.34086668, 0.58173335],
         [1.3094667 , 0.3638667 , 0.5775333 ],
         [1.3146334 , 0.36066666, 0.57603335]], dtype=float32)
# ---
# name: TestTrajectory.test_mean_position[False-3-False].1
  dict({
    0: array([[0.3918    , 0.28980002, 0.4846    ],
         [0.3928    , 0.28290004, 0.49179998],
         [0.38480002, 0.28730002, 0.4778    ],
         ...,
         [1.3074    , 0.3377    , 0.5838    ],
         [1.3069    , 0.36280003, 0.58320004],
         [1.3123001 , 0.36460003, 0.5755    ]], dtype=float32),
    1: array([[0.3869    , 0.2831    , 0.4859    ],
         [0.3849    , 0.2807    , 0.49550003],
         [0.38020003, 0.2781    , 0.48030004],
         ...,
         [1.3149    , 0.34030002, 0.583     ],
         [1.3169    , 0.36350003, 0.5762    ],
         [1.3223001 , 0.35660002, 0.57229996]], dtype=float32),
    2: array([[0.3905    , 0.283     , 0.4795    ],
         [0.387     , 0.2788    , 0.4879    ],
         [0.3842    , 0.27870002, 0.4729    ],
         ...,
         [1.3039    , 0.3446    , 0.5784    ],
         [1.3046    , 0.36530003, 0.57320005],
         [1.3093001 , 0.3608    , 0.58030003]], dtype=float32),
  })
# ---
# name: TestTrajectory.test_mean_position[False-3-True]
  array([[0.3897333 , 0.28530002, 0.48333335],
         [0.38823333, 0.2808    , 0.49173334],
         [0.38306668, 0.28136668, 0.47700003],
         ...,
         [1.3087333 , 0.34086668, 0.58173335],
         [1.3094667 , 0.3638667 , 0.5775333 ],
         [1.3146334 , 0.36066666, 0.57603335]], dtype=float32)
# ---
# name: TestTrajectory.test_mean_position[False-3-True].1
  dict({
    0: array([[0.3918    , 0.28980002, 0.4846    ],
         [0.3928    , 0.28290004, 0.49179998],
         [0.38480002, 0.28730002, 0.4778    ],
         ...,
         [1.3074    , 0.3377    , 0.5838    ],
         [1.3069    , 0.36280003, 0.58320004],
         [1.3123001 , 0.36460003, 0.5755    ]], dtype=float32),
    1: array([[0.3869    , 0.2831    , 0.4859    ],
         [0.3849    , 0.2807    , 0.49550003],
         [0.38020003, 0.2781    , 0.48030004],
         ...,
         [1.3149    , 0.34030002, 0.583     ],
         [1.3169    , 0.36350003, 0.5762    ],
         [1.3223001 , 0.35660002, 0.57229996]], dtype=float32),
    2: array([[0.3905    , 0.283     , 0.4795    ],
         [0.387     , 0.2788    , 0.4879    ],
         [0.3842    , 0.27870002, 0.4729    ],
         ...,
         [1.3039    , 0.3446    , 0.5784    ],
         [1.3046    , 0.36530003, 0.57320005],
         [1.3093001 , 0.3608    , 0.58030003]], dtype=float32),
  })
# ---
# name: TestTrajectory.test_mean_position[True-0-False]
  array([[0.3897333 , 0.28530002, 0.48333335],
         [0.38823333, 0.2808    , 0.49173334],
         [0.38306668, 0.28136668, 0.47700003],
         ...,
         [1.3087333 , 0.34086668, 0.58173335],
         [1.3094667 , 0.3638667 , 0.5775333 ],
         [1.3146334 , 0.36066666, 0.57603335]], dtype=float32)
# ---
# name: TestTrajectory.test_mean_position[True-0-False].1
  dict({
    0: array([[0.3918    , 0.28980002, 0.4846    ],
         [0.3928    , 0.28290004, 0.49179998],
         [0.38480002, 0.28730002, 0.4778    ],
         ...,
         [1.3074    , 0.3377    , 0.5838    ],
         [1.3069    , 0.36280003, 0.58320004],
         [1.3123001 , 0.36460003, 0.5755    ]], dtype=float32),
    1: array([[0.3869    , 0.2831    , 0.4859    ],
         [0.3849    , 0.2807    , 0.49550003],
         [0.38020003, 0.2781    , 0.48030004],
         ...,
         [1.3149    , 0.34030002, 0.583     ],
         [1.3169    , 0.36350003, 0.5762    ],
         [1.3223001 , 0.35660002, 0.57229996]], dtype=float32),
    2: array([[0.3905    , 0.283     , 0.4795    ],
         [0.387     , 0.2788    , 0.4879    ],
         [0.3842    , 0.27870002, 0.4729    ],
         ...,
         [1.3039    , 0.3446    , 0.5784    ],
         [1.3046    , 0.36530003, 0.57320005],
         [1.3093001 , 0.3608    , 0.58030003]], dtype=float32),
  })
# ---
# name: TestTrajectory.test_mean_position[True-0-True]
  array([[0.3897333 , 0.28530002, 0.48333335],
         [0.38823333, 0.2808    , 0.49173334],
         [0.38306668, 0.28136668, 0.47700003],
         ...,
         [1.3087333 , 0.34086668, 0.58173335],
         [1.3094667 , 0.3638667 , 0.5775333 ],
         [1.3146334 , 0.36066666, 0.57603335]], dtype=float32)
# ---
# name: TestTrajectory.test_mean_position[True-0-True].1
  dict({
    0: array([[0.3918    , 0.28980002, 0.4846    ],
         [0.3928    , 0.28290004, 0.49179998],
         [0.38480002, 0.28730002, 0.4778    ],
         ...,
         [1.3074    , 0.3377    , 0.5838    ],
         [1.3069    , 0.36280003, 0.58320004],
         [1.3123001 , 0.36460003, 0.5755    ]], dtype=float32),
    1: array([[0.3869    , 0.2831    , 0.4859    ],
         [0.3849    , 0.2807    , 0.49550003],
         [0.38020003, 0.2781    , 0.48030004],
         ...,
         [1.3149    , 0.34030002, 0.583     ],
         [1.3169    , 0.36350003, 0.5762    ],
         [1.3223001 , 0.35660002, 0.57229996]], dtype=float32),
    2: array([[0.3905    , 0.283     , 0.4795    ],
         [0.387     , 0.2788    , 0.4879    ],
         [0.3842    , 0.27870002, 0.4729    ],
         ...,
         [1.3039    , 0.3446    , 0.5784    ],
         [1.3046    , 0.36530003, 0.57320005],
         [1.3093001 , 0.3608    , 0.58030003]], dtype=float32),
  })
# ---
# name: TestTrajectory.test_mean_position[True-1-False]
  array([[0.3897333 , 0.28530002, 0.48333335],
         [0.38823333, 0.2808    , 0.49173334],
         [0.38306668, 0.28136668, 0.47700003],
         ...,
         [1.3087333 , 0.34086668, 0.58173335],
         [1.3094667 , 0.3638667 , 0.5775333 ],
         [1.3146334 , 0.36066666, 0.57603335]], dtype=float32)
# ---
# name: TestTrajectory.test_mean_position[True-1-False].1
  dict({
    0: array([[0.3918    , 0.28980002, 0.4846    ],
         [0.3928    , 0.28290004, 0.49179998],
         [0.38480002, 0.28730002, 0.4778    ],
         ...,
         [1.3074    , 0.3377    , 0.5838    ],
         [1.3069    , 0.36280003, 0.58320004],
         [1.3123001 , 0.36460003, 0.5755    ]], dtype=float32),
    1: array([[0.3869    , 0.2831    , 0.4859    ],
         [0.3849    , 0.2807    , 0.49550003],
         [0.38020003, 0.2781    , 0.48030004],
         ...,
         [1.3149    , 0.34030002, 0.583     ],
         [1.3169    , 0.36350003, 0.5762    ],
         [1.3223001 , 0.35660002, 0.57229996]], dtype=float32),
    2: array([[0.3905    , 0.283     , 0.4795    ],
         [0.387     , 0.2788    , 0.4879    ],
         [0.3842    , 0.27870002, 0.4729    ],
         ...,
         [1.3039    , 0.3446    , 0.5784    ],
         [1.3046    , 0.36530003, 0.57320005],
         [1.3093001 , 0.3608    , 0.58030003]], dtype=float32),
  })
# ---
# name: TestTrajectory.test_mean_position[True-1-True]
  array([[0.3897333 , 0.28530002, 0.48333335],
         [0.38823333, 0.2808    , 0.49173334],
         [0.38306668, 0.28136668, 0.47700003],
         ...,
         [1.3087333 , 0.34086668, 0.58173335],
         [1.3094667 , 0.3638667 , 0.5775333 ],
         [1.3146334 , 0.36066666, 0.57603335]], dtype=float32)
# ---
# name: TestTrajectory.test_mean_position[True-1-True].1
  dict({
    0: array([[0.3918    , 0.28980002, 0.4846    ],
         [0.3928    , 0.28290004, 0.49179998],
         [0.38480002, 0.28730002, 0.4778    ],
         ...,
         [1.3074    , 0.3377    , 0.5838    ],
         [1.3069    , 0.36280003, 0.58320004],
         [1.3123001 , 0.36460003, 0.5755    ]], dtype=float32),
    1: array([[0.3869    , 0.2831    , 0.4859    ],
         [0.3849    , 0.2807    , 0.49550003],
         [0.38020003, 0.2781    , 0.48030004],
         ...,
         [1.3149    , 0.34030002, 0.583     ],
         [1.3169    , 0.36350003, 0.5762    ],
         [1.3223001 , 0.35660002, 0.57229996]], dtype=float32),
    2: array([[0.3905    , 0.283     , 0.4795    ],
         [0.387     , 0.2788    , 0.4879    ],
         [0.3842    , 0.27870002, 0.4729    ],
         ...,
         [1.3039    , 0.3446    , 0.5784    ],
         [1.3046    , 0.36530003, 0.57320005],
         [1.3093001 , 0.3608    , 0.58030003]], dtype=float32),
  })
# ---
# name: TestTrajectory.test_mean_position[True-2-False]
  array([[0.3897333 , 0.28530002, 0.48333335],
         [0.38823333, 0.2808    , 0.49173334],
         [0.38306668, 0.28136668, 0.47700003],
         ...,
         [1.3087333 , 0.34086668, 0.58173335],
         [1.3094667 , 0.3638667 , 0.5775333 ],
         [1.3146334 , 0.36066666, 0.57603335]], dtype=float32)
# ---
# name: TestTrajectory.test_mean_position[True-2-False].1
  dict({
    0: array([[0.3918    , 0.28980002, 0.4846    ],
         [0.3928    , 0.28290004, 0.49179998],
         [0.38480002, 0.28730002, 0.4778    ],
         ...,
         [1.3074    , 0.3377    , 0.5838    ],
         [1.3069    , 0.36280003, 0.58320004],
         [1.3123001 , 0.36460003, 0.5755    ]], dtype=float32),
    1: array([[0.3869    , 0.2831    , 0.4859    ],
         [0.3849    , 0.2807    , 0.49550003],
         [0.38020003, 0.2781    , 0.48030004],
         ...,
         [1.3149    , 0.34030002, 0.583     ],
         [1.3169    , 0.36350003, 0.5762    ],
         [1.3223001 , 0.35660002, 0.57229996]], dtype=float32),
    2: array([[0.3905    , 0.283     , 0.4795    ],
         [0.387     , 0.2788    , 0.4879    ],
         [0.3842    , 0.27870002, 0.4729    ],
         ...,
         [1.3039    , 0.3446    , 0.5784    ],
         [1.3046    , 0.36530003, 0.57320005],
         [1.3093001 , 0.3608    , 0.58030003]], dtype=float32),
  })
# ---
# name: TestTrajectory.test_mean_position[True-2-True]
  array([[0.3897333 , 0.28530002, 0.48333335],
         [0.38823333, 0.2808    , 0.49173334],
         [0.38306668, 0.28136668, 0.47700003],
         ...,
         [1.3087333 , 0.34086668, 0.58173335],
         [1.3094667 , 0.3638667 , 0.5775333 ],
         [1.3146334 , 0.36066666, 0.57603335]], dtype=float32)
# ---
# name: TestTrajectory.test_mean_position[True-2-True].1
  dict({
    0: array([[0.3918    , 0.28980002, 0.4846    ],
         [0.3928    , 0.28290004, 0.49179998],
         [0.38480002, 0.28730002, 0.4778    ],
         ...,
         [1.3074    , 0.3377    , 0.5838    ],
         [1.3069    , 0.36280003, 0.58320004],
         [1.3123001 , 0.36460003, 0.5755    ]], dtype=float32),
    1: array([[0.3869    , 0.2831    , 0.4859    ],
         [0.3849    , 0.2807    , 0.49550003],
         [0.38020003, 0.2781    , 0.48030004],
         ...,
         [1.3149    , 0.34030002, 0.583     ],
         [1.3169    , 0.36350003, 0.5762    ],
         [1.3223001 , 0.35660002, 0.57229996]], dtype=float32),
    2: array([[0.3905    , 0.283     , 0.4795    ],
         [0.387     , 0.2788    , 0.4879    ],
         [0.3842    , 0.27870002, 0.4729    ],
         ...,
         [1.3039    , 0.3446    , 0.5784    ],
         [1.3046    , 0.36530003, 0.57320005],
         [1.3093001 , 0.3608    , 0.58030003]], dtype=float32),
  })
# ---
# name: TestTrajectory.test_mean_position[True-3-False]
  array([[0.3897333 , 0.28530002, 0.48333335],
         [0.38823333, 0.2808    , 0.49173334],
         [0.38306668, 0.28136668, 0.47700003],
         ...,
         [1.3087333 , 0.34086668, 0.58173335],
         [1.3094667 , 0.3638667 , 0.5775333 ],
         [1.3146334 , 0.36066666, 0.57603335]], dtype=float32)
# ---
# name: TestTrajectory.test_mean_position[True-3-False].1
  dict({
    0: array([[0.3918    , 0.28980002, 0.4846    ],
         [0.3928    , 0.28290004, 0.49179998],
         [0.38480002, 0.28730002, 0.4778    ],
         ...,
         [1.3074    , 0.3377    , 0.5838    ],
         [1.3069    , 0.36280003, 0.58320004],
         [1.3123001 , 0.36460003, 0.5755    ]], dtype=float32),
    1: array([[0.3869    , 0.2831    , 0.4859    ],
         [0.3849    , 0.2807    , 0.49550003],
         [0.38020003, 0.2781    , 0.48030004],
         ...,
         [1.3149    , 0.34030002, 0.583     ],
         [1.3169    , 0.36350003, 0.5762    ],
         [1.3223001 , 0.35660002, 0.57229996]], dtype=float32),
    2: array([[0.3905    , 0.283     , 0.4795    ],
         [0.387     , 0.2788    , 0.4879    ],
         [0.3842    , 0.27870002, 0.4729    ],
         ...,
         [1.3039    , 0.3446    , 0.5784    ],
         [1.3046    , 0.36530003, 0.57320005],
         [1.3093001 , 0.3608    , 0.58030003]], dtype=float32),
  })
# ---
# name: TestTrajectory.test_mean_position[True-3-True]
  array([[0.3897333 , 0.28530002, 0.48333335],
         [0.38823333, 0.2808    , 0.49173334],
         [0.38306668, 0.28136668, 0.47700003],
         ...,
         [1.3087333 , 0.34086668, 0.58173335],
         [1.3094667 , 0.3638667 , 0.5775333 ],
         [1.3146334 , 0.36066666, 0.57603335]], dtype=float32)
# ---
# name: TestTrajectory.test_mean_position[True-3-True].1
  dict({
    0: array([[0.3918    , 0.28980002, 0.4846    ],
         [0.3928    , 0.28290004, 0.49179998],
         [0.38480002, 0.28730002, 0.4778    ],
         ...,
         [1.3074    , 0.3377    , 0.5838    ],
         [1.3069    , 0.36280003, 0.58320004],
         [1.3123001 , 0.36460003, 0.5755    ]], dtype=float32),
    1: array([[0.3869    , 0.2831    , 0.4859    ],
         [0.3849    , 0.2807    , 0.49550003],
         [0.38020003, 0.2781    , 0.48030004],
         ...,
         [1.3149    , 0.34030002, 0.583     ],
         [1.3169    , 0.36350003, 0.5762    ],
         [1.3223001 , 0.35660002, 0.57229996]], dtype=float32),
    2: array([[0.3905    , 0.283     , 0.4795    ],
         [0.387     , 0.2788    , 0.4879    ],
         [0.3842    , 0.27870002, 0.4729    ],
         ...,
         [1.3039    , 0.3446    , 0.5784    ],
         [1.3046    , 0.36530003, 0.57320005],
         [1.3093001 , 0.3608    , 0.58030003]], dtype=float32),
  })
# ---
# name: TestTrajectory.test_trajectory_update
  array([[0.39179999, 0.28980002, 0.48460001],
         [0.3928    , 0.28290004, 0.49179998],
         [0.38480002, 0.28730002, 0.47780001],
         ...,
         [1.30739999, 0.33770001, 0.58380002],
         [1.30690002, 0.36280003, 0.58320004],
         [1.31230009, 0.36460003, 0.57550001]])
# ---
