# serializer version: 1
# name: test_get_ss_from_mmcif
  [3 1 3 1 1 3 1 3 2 3 3 1 3 3 3 3 2 3 1 1 3 2 1 3 1 3 1 3 2 3 3 1 3 2 1 3 3
   3 3 2 1 2 3 2 1 3 3 1 1 3 3 3 1 3 3 3 3 1 1 3 3 3 1 1 3 2 1 1 1 3 1 3 3 1
   1 3 3 2 1 3 1 3 3 3 3 1 3 3 1 3 3 3 1 3 3 2 1 3 3 1]
# ---
# name: test_secondary_structure_no_helix
  [2 2 3 3 3 2 2 3 3 2 3 2 3 2 3 3 2 2 2 3 2 2 3 2 2 2 2 2 2 2 2 3 2 3 2 2 2
   3 2 2 3 2 2 2 2 2 2 2 2 3 2 3 3 3 2 2 2 2 3 3 2 3 2 3 3 2 2 3 3 2 2 2 2 2
   3 3 3 2 3 3 2 2 2 3 2 2 2 3 2 3 2 3 3 3 2 2 3 3 3 2 2 2 2 3 2 3 2 2 3 2 2
   2 3 3 2 2 2 3 3 3 3 3 3 3 3 3 2 3 3 2 2 2 3 2 2 2 3 2 2 3 3 2 2 3 3 3 2 3
   3 2 2 3 2 2 2 2 2 3 2 3 2 2 3 2 2 2 3 3 2 2 3 3 3 3 3 3 3 3 2 2 3 2 2 2 3
   3 2 2 3 2 3 3 2 3 3 3 3 3 3 2 3 2 3 2 3 3 2 3 2 2 3 2 2 2 2 3 2 2 3 3 3 3
   3 2 2 2 3 2 3 2 3 2 2 3 2 3 2 2 3 3 2 3 3 2 3 3 3 3 3 2 2 3 3 2 3 3 3 2 3
   3 2 2 2 3 2 2 3 2 2 2 3 3 3 2 3 2 3 2 3 3 2 2 2 2 2 2 2 3 2 2 3 2 2 3 2 2
   2 3 3 2 2 2 2 2 2 2 3 2 3 2 3 3 2 3 3 3 2 2 3 3 2 3 3 2 3 2 2 2 2 2 3 2 2
   2 2 3 2 3 3 3 2 3 3 2 2 2 2 2 2 3 2 2 3 3 3 3 3 3 2 2 2 2 2 2 2 3 3 3 3 2
   3 2 3 2 3 2 3 2 2 3 3 2 2 3 3 3 3 3 3 3 3 2 3 2 2 2 2 2 3 3 2 3 3 2 2 2 3
   2 2 3 2 3 2 3 2 3 2 2 2 2 2 2 3 3 2 3 2 3 3 2 3 2 2 3 2 3 3 3 3 3 2 2 2 3
   2 2 3 3 3 2 3 2 2 2 3 3 2 3 3 2 3 2 3 3 3 2 2 3 2 2 3 2 3 3 3 3 2 2 2 3 3
   3 2 2 2 2 2 3 2 2 2 2 3 3 2 3 2 3 3 3]
# ---
