# serializer version: 1
# name: test_density_operator[False-False-False]
  []
# ---
# name: test_density_operator[False-False-True]
  []
# ---
# name: test_density_operator[False-True-False]
  [[1.2 1.5 1.2]
   [0.9 1.0 1.5]
   [1.2 1.5 1.0]
   [1.3 0.7 1.0]
   [0.8 0.9 1.3]
   [0.9 0.8 1.0]
   [1.0 0.9 1.1]
   [1.3 1.3 1.4]
   [1.2 1.9 1.2]
   [1.2 1.6 0.9]
   [1.3 1.8 1.3]
   [1.2 0.9 1.4]
   [1.1 0.9 1.2]
   [1.1 0.7 1.0]
   [1.3 0.9 1.0]
   [1.2 1.6 1.0]
   [1.1 1.6 1.1]
   [1.4 1.5 1.4]
   [1.2 1.0 1.4]
   [1.1 1.4 1.1]
   [1.1 1.4 1.2]
   [1.3 1.6 1.3]
   [1.0 0.7 1.1]
   [1.0 1.2 1.3]
   [1.2 1.3 1.2]
   [1.2 1.2 1.1]
   [1.3 2.1 1.3]
   [1.4 1.6 1.3]
   [1.3 0.9 0.8]
   [1.3 1.4 1.1]
   [1.2 1.4 1.1]
   [1.3 1.7 1.1]
   [0.9 0.6 1.1]
   [1.3 0.9 1.3]
   [1.1 1.0 1.4]
   [1.0 0.7 1.3]
   [1.2 0.9 1.1]
   [1.2 1.0 1.1]
   [1.3 0.9 0.8]
   [1.4 1.0 1.1]
   [1.3 2.1 1.2]
   [0.9 0.8 1.1]
   [1.5 1.5 1.1]
   [1.1 1.5 1.2]
   [1.4 1.1 1.1]
   [1.3 1.8 1.2]
   [1.3 0.9 1.0]
   [1.0 0.8 1.3]
   [0.8 0.8 1.3]
   [1.2 2.0 1.2]
   [1.1 0.6 0.9]
   [1.3 1.3 1.3]
   [1.2 0.9 1.5]
   [1.2 1.6 0.9]
   [1.0 1.2 1.5]
   [1.4 1.5 1.1]
   [1.2 1.5 1.2]
   [1.2 2.1 1.2]
   [1.3 2.0 1.1]
   [1.3 1.6 1.0]
   [1.0 0.8 1.0]
   [1.2 1.8 1.2]
   [1.2 0.9 1.1]
   [1.3 0.7 0.9]
   [1.2 1.3 1.1]
   [1.3 1.0 1.2]
   [1.1 0.6 1.1]
   [1.2 0.8 1.3]
   [1.2 2.0 1.2]
   [1.0 1.0 1.3]
   [1.0 0.6 1.2]
   [1.3 1.4 1.1]
   [1.3 1.6 1.4]
   [1.1 1.2 1.2]
   [1.0 1.6 1.2]
   [1.0 1.0 1.4]
   [1.2 1.3 1.2]
   [1.3 1.3 1.4]
   [1.3 0.9 0.9]
   [1.1 0.8 1.2]
   [1.4 1.4 1.3]
   [1.1 1.4 1.2]
   [1.1 1.0 1.5]
   [1.2 1.5 1.1]
   [1.1 0.7 0.9]
   [1.1 0.8 1.4]
   [1.2 1.3 1.1]
   [1.1 0.8 0.8]
   [1.3 2.0 1.2]
   [1.1 1.1 1.4]
   [0.9 0.9 0.9]
   [1.1 1.1 1.1]
   [0.9 1.2 1.2]
   [1.0 0.6 0.9]
   [1.3 1.1 1.3]
   [1.1 1.0 1.3]
   [1.1 1.3 1.2]
   [1.3 1.5 1.1]
   [1.2 1.5 1.3]
   [1.2 1.6 1.2]]
# ---
# name: test_density_operator[False-True-True]
  [[ 0.0e+00  3.3e-01  3.5e-02]
   [-3.1e-01 -2.3e-01  2.7e-01]
   [ 2.5e-02  3.2e-01 -2.4e-01]
   [ 1.2e-01 -4.9e-01 -2.0e-01]
   [-4.0e-01 -3.3e-01  1.0e-01]
   [-2.9e-01 -3.9e-01 -2.4e-01]
   [-1.7e-01 -3.1e-01 -5.4e-02]
   [ 1.3e-01  8.3e-02  1.9e-01]
   [-1.8e-03  6.6e-01  3.2e-02]
   [-3.4e-02  3.8e-01 -2.5e-01]
   [ 1.5e-01  6.5e-01  1.1e-01]
   [-3.2e-02 -2.6e-01  1.9e-01]
   [-7.4e-02 -3.4e-01  1.7e-02]
   [-1.4e-01 -5.0e-01 -1.6e-01]
   [ 8.0e-02 -3.2e-01 -2.1e-01]
   [ 1.6e-02  4.2e-01 -1.7e-01]
   [-1.4e-01  3.9e-01 -8.0e-02]
   [ 2.0e-01  3.5e-01  2.3e-01]
   [ 3.9e-02 -1.8e-01  2.2e-01]
   [-1.0e-01  2.5e-01 -1.0e-01]
   [-8.9e-02  2.5e-01 -1.9e-02]
   [ 9.2e-02  4.2e-01  1.1e-01]
   [-2.3e-01 -4.5e-01 -9.5e-02]
   [-1.6e-01  2.1e-02  8.0e-02]
   [-6.4e-03  1.1e-01  2.0e-02]
   [-7.1e-03 -1.6e-04 -9.1e-02]
   [ 1.3e-01  8.6e-01  8.7e-02]
   [ 1.9e-01  3.6e-01  1.5e-01]
   [ 7.5e-02 -3.3e-01 -3.5e-01]
   [ 7.5e-02  1.6e-01 -1.1e-01]
   [ 3.0e-02  2.1e-01 -6.9e-02]
   [ 1.1e-01  5.5e-01 -5.0e-02]
   [-2.6e-01 -5.6e-01 -5.0e-02]
   [ 7.9e-02 -3.1e-01  8.8e-02]
   [-8.3e-02 -2.1e-01  2.2e-01]
   [-2.1e-01 -4.7e-01  9.8e-02]
   [-1.7e-02 -2.8e-01 -6.0e-02]
   [ 4.1e-02 -1.8e-01 -9.9e-02]
   [ 6.9e-02 -2.8e-01 -4.0e-01]
   [ 1.6e-01 -1.8e-01 -1.2e-01]
   [ 7.5e-02  8.9e-01  2.6e-03]
   [-2.5e-01 -4.3e-01 -1.1e-01]
   [ 3.1e-01  2.8e-01 -4.6e-02]
   [-1.3e-01  3.0e-01 -4.5e-02]
   [ 1.9e-01 -1.3e-01 -1.0e-01]
   [ 5.9e-02  6.5e-01  4.9e-02]
   [ 1.4e-01 -2.7e-01 -1.8e-01]
   [-2.3e-01 -4.3e-01  7.5e-02]
   [-3.6e-01 -3.6e-01  6.4e-02]
   [-1.0e-02  7.7e-01 -1.8e-02]
   [-7.9e-02 -6.0e-01 -3.3e-01]
   [ 8.3e-02  6.6e-02  6.6e-02]
   [-2.5e-02 -3.4e-01  2.9e-01]
   [ 2.5e-02  3.7e-01 -2.8e-01]
   [-1.9e-01  2.1e-02  2.6e-01]
   [ 1.7e-01  3.1e-01 -1.3e-01]
   [-1.7e-02  3.5e-01 -1.9e-04]
   [ 4.6e-02  8.9e-01 -2.9e-02]
   [ 1.1e-01  8.1e-01 -9.6e-02]
   [ 7.7e-02  3.7e-01 -2.2e-01]
   [-1.8e-01 -3.8e-01 -2.2e-01]
   [ 2.8e-02  6.1e-01 -2.4e-03]
   [ 0.0e+00 -3.0e-01 -8.2e-02]
   [ 5.8e-02 -4.5e-01 -2.5e-01]
   [ 8.3e-03  1.0e-01 -1.2e-01]
   [ 1.2e-01 -2.0e-01 -3.4e-02]
   [-1.2e-01 -5.9e-01 -5.6e-02]
   [-1.7e-02 -3.6e-01  9.1e-02]
   [-1.7e-02  8.1e-01 -1.1e-02]
   [-2.0e-01 -1.6e-01  1.0e-01]
   [-2.3e-01 -5.6e-01  3.3e-02]
   [ 8.7e-02  2.4e-01 -1.3e-01]
   [ 7.4e-02  3.7e-01  1.9e-01]
   [-1.2e-01 -3.3e-02 -2.4e-02]
   [-1.6e-01  3.6e-01  5.3e-02]
   [-2.3e-01 -2.4e-01  2.5e-01]
   [ 2.0e-02  1.4e-01  4.2e-02]
   [ 1.3e-01  8.3e-02  1.9e-01]
   [ 9.9e-02 -3.4e-01 -2.6e-01]
   [-1.2e-01 -4.4e-01  4.8e-02]
   [ 1.8e-01  2.1e-01  8.7e-02]
   [-1.4e-01  2.4e-01 -3.2e-02]
   [-6.2e-02 -1.5e-01  2.6e-01]
   [ 1.7e-02  2.5e-01 -1.3e-01]
   [-6.0e-02 -5.1e-01 -3.3e-01]
   [-1.4e-01 -4.3e-01  2.3e-01]
   [ 1.1e-02  5.8e-02 -8.1e-02]
   [-9.1e-02 -4.2e-01 -3.5e-01]
   [ 8.3e-02  8.3e-01 -1.1e-02]
   [-1.2e-01 -7.9e-02  1.6e-01]
   [-2.5e-01 -2.8e-01 -2.7e-01]
   [-1.4e-01 -5.9e-02 -5.8e-02]
   [-2.6e-01 -1.8e-02 -4.0e-02]
   [-1.5e-01 -5.5e-01 -2.8e-01]
   [ 1.4e-01 -1.2e-01  1.3e-01]
   [-9.7e-02 -2.1e-01  9.1e-02]
   [-5.0e-02  5.7e-02 -3.6e-02]
   [ 7.9e-02  2.8e-01 -4.7e-02]
   [ 2.9e-02  3.5e-01  1.0e-01]
   [ 4.1e-02  3.8e-01 -3.7e-02]]
# ---
# name: test_density_operator[True-False-False]
  []
# ---
# name: test_density_operator[True-False-True]
  []
# ---
# name: test_density_operator[True-True-False]
  [[0.8 0.9 1.5]
   [1.2 1.3 1.2]
   [1.3 0.8 0.8]
   [1.0 0.9 1.0]
   [0.8 0.7 0.9]
   [1.0 0.7 1.1]
   [1.2 1.5 1.2]
   [1.2 0.9 1.1]
   [1.1 0.9 1.6]
   [1.0 0.9 0.9]
   [1.3 0.9 0.8]
   [1.3 1.4 1.2]
   [1.0 1.0 1.6]
   [1.2 1.2 1.0]
   [1.4 1.4 1.2]
   [1.4 1.5 1.1]
   [0.8 0.7 1.3]
   [1.0 0.9 1.6]
   [1.2 0.9 1.1]
   [0.8 0.6 1.2]
   [1.3 1.4 1.0]
   [1.2 0.7 1.5]
   [0.8 0.7 1.1]
   [1.1 1.1 1.7]
   [1.2 1.4 1.1]
   [1.2 0.8 0.9]
   [1.1 1.4 1.3]
   [0.8 0.7 1.2]
   [1.0 1.0 1.4]
   [1.4 1.0 1.0]
   [0.8 0.8 1.3]
   [0.7 0.7 1.2]
   [1.0 1.0 1.3]
   [1.2 1.0 1.3]
   [1.3 1.3 1.1]
   [1.1 0.9 1.6]
   [1.3 1.5 1.3]
   [1.3 1.1 1.2]
   [1.1 0.7 1.1]
   [1.2 1.0 1.5]
   [1.1 1.0 1.1]
   [1.4 1.1 1.0]
   [1.1 0.8 1.2]
   [1.1 1.0 1.1]
   [0.9 0.7 1.2]
   [0.9 0.5 1.3]
   [1.2 1.8 1.4]
   [1.3 1.2 1.2]
   [1.0 1.1 1.1]
   [0.9 0.6 1.3]
   [1.2 1.0 1.0]
   [1.1 0.8 1.5]
   [1.1 1.0 1.3]
   [1.2 1.0 1.4]
   [1.2 1.2 1.1]
   [1.0 1.3 1.2]
   [0.9 1.0 1.4]
   [0.9 1.1 1.5]
   [1.3 1.9 1.2]
   [0.9 0.9 1.0]
   [1.0 0.9 1.1]
   [1.0 1.0 1.3]
   [1.0 0.7 1.0]
   [1.1 0.7 1.2]
   [1.1 0.8 1.3]
   [1.2 0.9 1.4]
   [1.2 1.0 1.1]
   [1.3 1.3 1.1]
   [1.3 0.9 1.3]
   [1.4 1.0 0.8]
   [0.9 0.8 1.2]
   [1.3 1.4 1.1]
   [0.7 0.8 1.4]
   [1.0 0.9 1.2]
   [1.3 1.2 1.0]
   [1.3 1.0 1.3]
   [0.8 0.8 1.1]
   [1.1 1.2 1.2]
   [1.2 0.6 0.8]
   [0.9 0.6 1.2]
   [1.1 1.4 1.2]
   [1.1 1.5 1.1]
   [1.2 1.0 1.4]
   [0.8 0.8 1.5]
   [1.3 1.5 1.2]
   [1.3 1.5 1.0]
   [1.2 1.6 1.2]
   [1.1 0.7 1.6]
   [1.2 1.3 1.0]
   [0.8 1.0 1.5]
   [1.1 0.9 1.4]
   [1.2 0.9 1.0]
   [1.1 1.8 1.3]
   [1.2 1.4 1.1]
   [1.0 0.5 1.3]
   [1.0 0.8 1.0]
   [1.0 0.9 0.9]
   [1.4 1.3 1.1]
   [0.9 0.8 1.3]
   [1.1 0.8 0.9]]
# ---
# name: test_density_operator[True-True-True]
  [[-0.4 -0.3  0.3]
   [ 0.0  0.1  0.1]
   [ 0.1 -0.4 -0.4]
   [-0.2 -0.3 -0.2]
   [-0.3 -0.5 -0.3]
   [-0.2 -0.5 -0.1]
   [-0.0  0.3  0.0]
   [ 0.0 -0.3 -0.0]
   [-0.1 -0.3  0.4]
   [-0.2 -0.3 -0.3]
   [ 0.1 -0.3 -0.4]
   [ 0.1  0.2 -0.0]
   [-0.2 -0.2  0.4]
   [ 0.0 -0.0 -0.2]
   [ 0.2  0.2 -0.0]
   [ 0.2  0.3 -0.1]
   [-0.4 -0.5  0.1]
   [-0.2 -0.3  0.4]
   [ 0.0 -0.3 -0.1]
   [-0.4 -0.6 -0.0]
   [ 0.1  0.2 -0.2]
   [-0.0 -0.5  0.3]
   [-0.4 -0.5 -0.1]
   [-0.1 -0.1  0.5]
   [-0.0  0.2 -0.1]
   [-0.0 -0.4 -0.3]
   [-0.1  0.2  0.1]
   [-0.4 -0.5 -0.0]
   [-0.1 -0.2  0.2]
   [ 0.2 -0.2 -0.2]
   [-0.4 -0.4  0.1]
   [-0.5 -0.5  0.0]
   [-0.2 -0.2  0.1]
   [-0.0 -0.2  0.2]
   [ 0.1  0.1 -0.1]
   [-0.1 -0.3  0.4]
   [ 0.1  0.3  0.1]
   [ 0.1 -0.1  0.0]
   [-0.1 -0.5 -0.1]
   [-0.0 -0.2  0.3]
   [-0.1 -0.2 -0.1]
   [ 0.2 -0.1 -0.2]
   [-0.1 -0.4 -0.0]
   [-0.1 -0.2 -0.1]
   [-0.3 -0.5  0.0]
   [-0.3 -0.7  0.1]
   [ 0.0  0.6  0.2]
   [ 0.1 -0.0 -0.0]
   [-0.2 -0.1 -0.1]
   [-0.3 -0.6  0.1]
   [ 0.0 -0.2 -0.2]
   [-0.1 -0.4  0.3]
   [-0.1 -0.2  0.1]
   [ 0.0 -0.2  0.2]
   [ 0.0  0.0 -0.1]
   [-0.1  0.1  0.0]
   [-0.3 -0.2  0.2]
   [-0.3 -0.1  0.3]
   [ 0.1  0.7 -0.0]
   [-0.3 -0.3 -0.2]
   [-0.2 -0.3 -0.1]
   [-0.2 -0.2  0.1]
   [-0.2 -0.5 -0.2]
   [-0.1 -0.5 -0.0]
   [-0.1 -0.4  0.2]
   [ 0.0 -0.3  0.2]
   [ 0.0 -0.2 -0.1]
   [ 0.1  0.1 -0.1]
   [ 0.1 -0.3  0.1]
   [ 0.2 -0.2 -0.4]
   [-0.3 -0.4  0.0]
   [ 0.1  0.2 -0.1]
   [-0.5 -0.4  0.2]
   [-0.2 -0.3  0.0]
   [ 0.1 -0.0 -0.2]
   [ 0.1 -0.2  0.1]
   [-0.4 -0.4 -0.1]
   [-0.1  0.0  0.0]
   [-0.0 -0.6 -0.4]
   [-0.3 -0.6  0.0]
   [-0.1  0.2 -0.0]
   [-0.1  0.3 -0.1]
   [ 0.0 -0.2  0.2]
   [-0.4 -0.4  0.3]
   [ 0.1  0.3  0.0]
   [ 0.1  0.3 -0.2]
   [-0.0  0.4 -0.0]
   [-0.1 -0.5  0.4]
   [-0.0  0.1 -0.2]
   [-0.4 -0.2  0.3]
   [-0.1 -0.3  0.2]
   [ 0.1 -0.3 -0.2]
   [-0.1  0.6  0.1]
   [ 0.0  0.2 -0.1]
   [-0.2 -0.7  0.1]
   [-0.2 -0.4 -0.2]
   [-0.2 -0.3 -0.3]
   [ 0.2  0.1 -0.1]
   [-0.3 -0.4  0.1]
   [-0.1 -0.4 -0.3]]
# ---
